[Main thread Apr 17 23:06] Stopping all worker threads.
[Worker #3 Apr 17 23:06] Torture Test completed 0 tests in 0 minutes - 0 errors, 0 warnings.
[Worker #3 Apr 17 23:06] Worker stopped.
[Worker #7 Apr 17 23:06] Torture Test completed 0 tests in 0 minutes - 0 errors, 0 warnings.
[Worker #7 Apr 17 23:06] Worker stopped.
[Worker #11 Apr 17 23:06] Torture Test completed 0 tests in 0 minutes - 0 errors, 0 warnings.
[Worker #11 Apr 17 23:06] Worker stopped.
[Worker #1 Apr 17 23:06] Torture Test completed 0 tests in 0 minutes - 0 errors, 0 warnings.
[Worker #1 Apr 17 23:06] Worker stopped.
[Worker #13 Apr 17 23:06] Torture Test completed 0 tests in 0 minutes - 0 errors, 0 warnings.
[Worker #13 Apr 17 23:06] Worker stopped.
[Worker #4 Apr 17 23:06] Torture Test completed 0 tests in 0 minutes - 0 errors, 0 warnings.
[Worker #4 Apr 17 23:06] Worker stopped.
[Worker #16 Apr 17 23:06] Torture Test completed 0 tests in 0 minutes - 0 errors, 0 warnings.
[Worker #16 Apr 17 23:06] Worker stopped.
[Worker #8 Apr 17 23:06] Torture Test completed 0 tests in 0 minutes - 0 errors, 0 warnings.
[Worker #8 Apr 17 23:06] Worker stopped.
[Worker #12 Apr 17 23:06] Torture Test completed 0 tests in 0 minutes - 0 errors, 0 warnings.
[Worker #12 Apr 17 23:06] Worker stopped.
[Worker #6 Apr 17 23:06] Torture Test completed 0 tests in 0 minutes - 0 errors, 0 warnings.
[Worker #6 Apr 17 23:06] Worker stopped.
[Worker #15 Apr 17 23:06] Torture Test completed 0 tests in 0 minutes - 0 errors, 0 warnings.
[Worker #15 Apr 17 23:06] Worker stopped.
[Worker #9 Apr 17 23:06] Torture Test completed 0 tests in 0 minutes - 0 errors, 0 warnings.
[Worker #9 Apr 17 23:06] Worker stopped.
[Worker #5 Apr 17 23:06] Torture Test completed 0 tests in 0 minutes - 0 errors, 0 warnings.
[Worker #5 Apr 17 23:06] Worker stopped.
[Worker #2 Apr 17 23:06] Torture Test completed 0 tests in 0 minutes - 0 errors, 0 warnings.
[Worker #2 Apr 17 23:06] Worker stopped.
[Worker #10 Apr 17 23:06] Torture Test completed 0 tests in 0 minutes - 0 errors, 0 warnings.
[Worker #10 Apr 17 23:06] Worker stopped.
[Worker #14 Apr 17 23:06] Torture Test completed 0 tests in 0 minutes - 0 errors, 0 warnings.
[Worker #14 Apr 17 23:06] Worker stopped.
[Main thread Apr 17 23:06] Execution halted.

