[Main thread Apr 17 22:47] Starting workers.
[Worker #2 Apr 17 22:47] Worker starting
[Worker #3 Apr 17 22:47] Worker starting
[Worker #11 Apr 17 22:47] Worker starting
[Worker #14 Apr 17 22:47] Worker starting
[Worker #6 Apr 17 22:47] Worker starting
[Worker #7 Apr 17 22:47] Worker starting
[Worker #8 Apr 17 22:47] Worker starting
[Worker #9 Apr 17 22:47] Worker starting
[Worker #10 Apr 17 22:47] Worker starting
[Worker #2 Apr 17 22:47] Beginning a continuous self-test on your computer.
[Worker #2 Apr 17 22:47] Please read stress.txt.  Hit ^C to end this test.
[Worker #12 Apr 17 22:47] Worker starting
[Worker #13 Apr 17 22:47] Worker starting
[Worker #12 Apr 17 22:47] Beginning a continuous self-test on your computer.
[Worker #12 Apr 17 22:47] Please read stress.txt.  Hit ^C to end this test.
[Worker #15 Apr 17 22:47] Worker starting
[Worker #11 Apr 17 22:47] Beginning a continuous self-test on your computer.
[Worker #11 Apr 17 22:47] Please read stress.txt.  Hit ^C to end this test.
[Worker #16 Apr 17 22:47] Worker starting
[Worker #14 Apr 17 22:47] Beginning a continuous self-test on your computer.
[Worker #14 Apr 17 22:47] Please read stress.txt.  Hit ^C to end this test.
[Worker #7 Apr 17 22:47] Beginning a continuous self-test on your computer.
[Worker #7 Apr 17 22:47] Please read stress.txt.  Hit ^C to end this test.
[Worker #9 Apr 17 22:47] Beginning a continuous self-test on your computer.
[Worker #9 Apr 17 22:47] Please read stress.txt.  Hit ^C to end this test.
[Worker #4 Apr 17 22:47] Worker starting
[Worker #3 Apr 17 22:47] Beginning a continuous self-test on your computer.
[Worker #3 Apr 17 22:47] Please read stress.txt.  Hit ^C to end this test.
[Worker #5 Apr 17 22:47] Worker starting
[Worker #15 Apr 17 22:47] Beginning a continuous self-test on your computer.
[Worker #15 Apr 17 22:47] Please read stress.txt.  Hit ^C to end this test.
[Worker #16 Apr 17 22:47] Beginning a continuous self-test on your computer.
[Worker #16 Apr 17 22:47] Please read stress.txt.  Hit ^C to end this test.
[Worker #8 Apr 17 22:47] Beginning a continuous self-test on your computer.
[Worker #8 Apr 17 22:47] Please read stress.txt.  Hit ^C to end this test.
[Worker #13 Apr 17 22:47] Beginning a continuous self-test on your computer.
[Worker #13 Apr 17 22:47] Please read stress.txt.  Hit ^C to end this test.
[Worker #1 Apr 17 22:47] Worker starting
[Worker #6 Apr 17 22:47] Beginning a continuous self-test on your computer.
[Worker #6 Apr 17 22:47] Please read stress.txt.  Hit ^C to end this test.
[Worker #5 Apr 17 22:47] Beginning a continuous self-test on your computer.
[Worker #5 Apr 17 22:47] Please read stress.txt.  Hit ^C to end this test.
[Worker #10 Apr 17 22:47] Beginning a continuous self-test on your computer.
[Worker #10 Apr 17 22:47] Please read stress.txt.  Hit ^C to end this test.
[Worker #1 Apr 17 22:47] Beginning a continuous self-test on your computer.
[Worker #1 Apr 17 22:47] Please read stress.txt.  Hit ^C to end this test.
[Worker #4 Apr 17 22:47] Beginning a continuous self-test on your computer.
[Worker #4 Apr 17 22:47] Please read stress.txt.  Hit ^C to end this test.
