[Worker #1 Apr 17 23:06] Self-test 320K passed!
[Worker #2 Apr 17 23:06] Self-test 320K passed!
[Worker #3 Apr 17 23:06] Self-test 320K passed!
[Worker #4 Apr 17 23:06] Self-test 320K passed!
[Worker #5 Apr 17 23:06] Self-test 320K passed!
[Worker #6 Apr 17 23:06] Self-test 320K passed!
[Worker #7 Apr 17 23:06] Self-test 320K passed!
[Worker #8 Apr 17 23:06] Self-test 320K passed!
[Worker #9 Apr 17 23:06] Self-test 320K passed!
[Worker #10 Apr 17 23:06] Self-test 320K passed!
[Worker #11 Apr 17 23:02] Self-test 320K passed!
[Worker #12 Apr 17 23:06] Self-test 320K passed!
[Worker #13 Apr 17 23:06] Self-test 320K passed!
[Worker #14 Apr 17 23:06] Self-test 320K passed!
[Worker #15 Apr 17 23:06] Self-test 320K passed!
[Worker #16 Apr 17 23:06] Self-test 320K passed!
